// Jest Snapshot v1, https://goo.gl/fbAQLP

exports[`Pruebas en el componente GifItem Debe de hacer match con el snapshot 1`] = `
<div>
  <div
    class="card"
  >
    <img
      alt="Hola, soy Goku"
      src="https://giphy.com/gifs/adultswim-adult-swim-toonami-l3vRlt8kty8KKeHni"
    />
    <p>
      Hola, soy Goku
    </p>
  </div>
</div>
`;
